---
source: litchitool/src/lib.rs
expression: binary
---
b"lchm\0\0\0\x02\0\0\0\x01\0\0\0\0A\0\0\0A`\0\0\0\0\0\x01\0\x0b\0\0\0\0\0\0\0\0\0\0\0\0\0\x0fA\xf0\0\0\0\0\0\0\0\0\0\0\0\0\0\0\0\x03\0\0@@\xcf0\xb92 z@\x17\xac\x8c\xb3N\x1a9>L\xcc\xcd\0\0\0\0\0\0\0\0\0\0\0\0\0\0\0\x01A\xf0\0\0\0\0\0\0\0\0\0\0@&ff\0\x03\0\0@>\t\x07\x87YU\xb0\xc0\x0e\xb2\xe6\x99c\xcb\x8eDz\0\0\0\0\0\0\0\0\0\0\0\0\0\0\0\0\0\x01A\xf0\0\0\0\0\0\0\0\0\0\0\0\0\0\0\0\x03\0\0@B\xe0\xeb\xbb\xac\x87L\xc02\x13\\\xd3,yrDz\0\0\0\0\0\0\0\0\0\0\0\0\0\x01\0\0\0\x01\0\0\0\x01\0\0\0\0A\xf0\0\0\0\0\0\0\0\0\0\0\0\0\0\0\0\x03\0\0@Fh\x02\x80\x1a\xb3Q\xc0(\xe6\xb9\xa6X\xf2\xe3Dz\0\0\0\0\0\0\0\0\0\0\0\0\0\0\0\0\0\x01A\xf0\0\0\0\0\0\0\0\0\0\0\0\0\0\0\0\x03\0\0@F\xb7c<\xd3\x9a\xfd\xc0\x12\xddsL\xb1\xe5\xc7Dz\0\0\0\0\0\0\0\0\0\0\0\0\0\0\0\0\0\x01A\xf0\0\0\0\0\0\0\0\0\0\0\0\0\0\0\0\x03\0\0@<\xcfy\x04\xbcd\xd6@\x19\xc8\x8c\xb3N\x1a9Dz\0\0\0\0\0\0\0\0\0\0\0\0\0\0\0\0\0\x01A\xf0\0\0\0\0\0\0\0\0\0\0\0\0\0\0\0\x03\0\0@3p\xaa\xce`\xe9\x8d?\xe7te\x9ap\xd1\xc8Dz\0\0\0\0\0\0\0\0\0\0\0\0\0\x01\0\0\0\x01\0\0\0\x04\0\0\0ZA\xf0\0\0\0\0\0\0\0\0\0\0\0\0\0\0\0\x03\0\0@4DJ\xb9\xc2\xf06\xc02V\xdc\xd3,yrDz\0\0\0\0\0\x02\0\0\0\n\0\0\0\x02\0\0\0\x01\0\0\0\x05\0\0\0\0\0\0\0\0\0\x01\x86\xa0A\xf0\0\0\0\0\0\0\0\0\0\0\0\0\0\0\0\x03\0\0@C\\\x9f\ro'\x17@\x15\x90\x8c\xb3N\x1a9Dz\0\0\0\0\0\0\0\0\0\0\0\0\0\0\0\0\0\x01C\xde\0\0\0\0\0\0C\n\0\0\0\0\0\0\0\x03\0\0@F\xbb\xed\xe5\x8d\x1d\x8d@.\xe6\x03\xa4\x89\xa7^Dz\0\0\0\0\0\0\0\0\0\0\0\0\0\x01\0\0\0\x01\0\0\0\0\0\0\x0b\xb8A\xf0\0\0\0\0\0\0\0\0\0\0\0\0\0\0\0\x03\0\0@Kq\rxm\xf4\x86@\x14P\x07I\x13N\xbcDz\0\0\0\0\0\0\0\0\0\0\0\0\0\0\0\0\0\x01A\xf0\0\0\0\0\0\0\0\0\0\0\0\0\0\0\0\x03\0\0@I\t)Z\xd4\x0e\x1b\xc0#\x8c\xfc[vX\x97Dz\0\0\0\0\0\0\0\0\0\0\0\0\0\0\0\0\0\x01A\xf0\0\0\0\0\0\0\0\0\0\0\0\0\0\0\0\x03\0\0@H\x0e\xbb\xf3\x93\x97\x99\xc04h\xfe-\xbb,KDz\0\0\0\0\0\0\0\0\0\0\0\0\0\x01\0\0\0\x01\0\0\0\x02\0\0\0\0A\xf0\0\0\0\0\0\0\0\0\0\0\0\0\0\0\0\x03\0\0@D \x9cN\x16\xcbo\xc07O~-\xbb,KDz\0\0\0\0\0\0\0\0\0\0\0\0\0\x01\0\0\0\x01\0\0\0\0\0\0\0\0C\xde\0\0\0\0\0\0C\n\0\0\0\0\0\0\0\x03\0\0@Cs2\xb2YK\x8b\xc0A\x04?\x16\xdd\x96&>L\xcc\xcd\0\0\0\0\0\0\0\0\0\0\0\x01\0\0\0\x01\0\0\0\x03\0\0\0\0\0\0\0\0\0\0A\xf0\0\0\xff\xff\xff\xff\0\0A\xf0\0\0\xff\xff\xff\xff\0\0A\xf0\0\0\xff\xff\xff\xff\0\0A\xf0\0\0\xff\xff\xff\xff\0\0A\xf0\0\0\xff\xff\xff\xff\0\0A\xf0\0\0\xff\xff\xff\xff\0\0A\xf0\0\0\xff\xff\xff\xff\0\0A\xf0\0\0\xff\xff\xff\xff\0\0A\xf0\0\0\xff\xff\xff\xff\0\0C\xde\0\0\xff\xff\xff\xff\0\0A\xf0\0\0\xff\xff\xff\xff\0\0A\xf0\0\0\xff\xff\xff\xff\0\0A\xf0\0\0\xff\xff\xff\xff\0\0A\xf0\0\0\xff\xff\xff\xff\0\0C\xde\0\0\xff\xff\xff\xff\0\0\0\x08\0\0\0\x08\0\0\0\0\xbf\x80\0\0\xbf\x80\0\0\xbf\x80\0\0\xbf\x80\0\0\xbf\x80\0\0A@\0\0\xbf\x80\0\0\xbf\x80\0\0\xbf\x80\0\0\xbf\x80\0\0\xbf\x80\0\0\xbf\x80\0\0\xbf\x80\0\0\xbf\x80\0\0\xbf\x80\0\0\xbf\x80\0\0\xbf\x80\0\0\xbf\x80\0\0\xbf\x80\0\0\xbf\x80\0\0A \0\0\xbf\x80\0\0\xbf\x80\0\0\xbf\x80\0\0\xbf\x80\0\0\xbf\x80\0\0\xbf\x80\0\0\xbf\x80\0\0\xbf\x80\0\0\xbf\x80\0\0\xbf\x80\0\0\xbf\x80\0\0"
